>>> lazy_matrix_mul = __import__('101-lazy_matrix_mul').lazy_matrix_mul

>>> lazy_matrix_mul(34, 45)
1530

>>> lazy_matrix_mul(34, [45, 4])
[1530, 136]

>>> lazy_matrix_mul(True, [45, 4])
[45, 4]

>>> lazy_matrix_mul("hi", [45, 4])
Traceback (most recent call last):
TypeError: ufunc 'multiply' did not contain a loop with signature matching types dtype('<U2') dtype('<U2') dtype('<U2')

>>> lazy_matrix_mul([], [34, 54])
Traceback (most recent call last):
ValueError: shapes (0,) and (2,) not aligned: 0 (dim 0) != 2 (dim 0)

>>> lazy_matrix_mul([[]], [34, 54])
Traceback (most recent call last):
ValueError: shapes (1,0) and (2,) not aligned: 0 (dim 1) != 2 (dim 0)

>>> lazy_matrix_mul([[3, False]], [[6, 2],[3, 4]])
[[18, 6]]

>>> lazy_matrix_mul([[3, "alx"]], [[6, 2],[3, 4]])
Traceback (most recent call last):
ValueError: data type must provide an itemsize

>>> lazy_matrix_mul([[3, 4],[3, 3, 2]], [[6, 2],[3, 4]])
Traceback (most recent call last):
ValueError: setting an array element with a sequence.

>>> lazy_matrix_mul([[3, 4],[3, 2]], [[6, 2],[3, 4]])
[[30, 22], [24, 14]]

>>> lazy_matrix_mul([[3, 4, 2]], [[6, 2],[3, 4]])
Traceback (most recent call last):
ValueError: shapes (1,3) and (2,2) not aligned: 3 (dim 1) != 2 (dim 0)
